2026-09-13 19:12:16 INFO    === ICT SNIPER paper bot starting (phase-7 spec) ===
2026-09-13 19:12:16 INFO    address=0x0000000000000000000000000000000000000000 equity=10000 alloc=0.5 lev=20 top_n=30 min_atr=0.8%
2026-09-13 19:12:17 INFO    [UNIVERSE] scanning 55 volume-qualified candidates ...
2026-09-13 19:12:20 INFO    [UNIVERSE] top-17 by ATR%: REZ(3.2%), GRIFFAIN(2.6%), USELESS(2.1%), PONS(1.9%), CASHCAT(1.9%), FIL(1.8%), MET(1.6%), VVV(1.5%), SKR(1.2%), CHIP(1.2%), MINA(1.2%), SAGA(1.0%)
2026-09-13 19:13:35 INFO    [STATUS] signals=0 fills=0 exits=0 | open_pos=0 resting=0 | realized_pnl=+0.00 | blocks=0 cap_hits=0
2026-09-13 19:14:35 INFO    [STATUS] signals=0 fills=0 exits=0 | open_pos=0 resting=0 | realized_pnl=+0.00 | blocks=0 cap_hits=0
2026-09-13 19:14:44 INFO    === session summary ===
2026-09-13 19:14:44 INFO    signals=0 fills=0 exits=0 realized_pnl=+0.00
2026-09-13 19:14:44 INFO    breaker halts=0 hit&run halts=0
2026-09-13 19:37:28 INFO    [NTFY] topic=tbt-96... enabled=True sent=True
2026-09-13 19:44:27 INFO    [SAFETY] .env keys ignored by the bot: ALERT_PROXY, BITUNIX_API_KEY, BITUNIX_API_SECRET, PANEL_NOTIFY_SECRET, TELEGRAM_BOT_TOKEN, TELEGRAM_CHAT_ID
2026-09-13 19:44:27 ERROR   [SAFETY] live refused: set ICT_LIVE_ACK=I_UNDERSTAND_REAL_MONEY to confirm real-money trading
2026-09-13 19:44:28 INFO    [SAFETY] .env keys ignored by the bot: ALERT_PROXY, BITUNIX_API_KEY, BITUNIX_API_SECRET, PANEL_NOTIFY_SECRET, TELEGRAM_BOT_TOKEN, TELEGRAM_CHAT_ID
2026-09-13 19:44:28 ERROR   [SAFETY] live refused: paper lock engaged (ICT_PAPER_ONLY=1 or PAPER_ONLY file present)
2026-09-13 19:44:28 INFO    [SAFETY] .env keys ignored by the bot: ALERT_PROXY, BITUNIX_API_KEY, BITUNIX_API_SECRET, PANEL_NOTIFY_SECRET, TELEGRAM_BOT_TOKEN, TELEGRAM_CHAT_ID
2026-09-13 19:44:30 INFO    [SAFETY] .env keys ignored by the bot: ALERT_PROXY, BITUNIX_API_KEY, BITUNIX_API_SECRET, PANEL_NOTIFY_SECRET, TELEGRAM_BOT_TOKEN, TELEGRAM_CHAT_ID
2026-09-13 19:44:31 ERROR   [LIVE] client init failed: Account() takes no arguments
2026-09-13 19:44:32 INFO    [SAFETY] .env keys ignored by the bot: ALERT_PROXY, BITUNIX_API_KEY, BITUNIX_API_SECRET, PANEL_NOTIFY_SECRET, TELEGRAM_BOT_TOKEN, TELEGRAM_CHAT_ID
2026-09-13 19:44:32 WARNING [SAFETY] --secret-key ignored (no --live requested) -- staying in PAPER mode; the key was never stored
2026-09-13 19:44:33 INFO    [SAFETY] .env keys ignored by the bot: ALERT_PROXY, BITUNIX_API_KEY, BITUNIX_API_SECRET, PANEL_NOTIFY_SECRET, TELEGRAM_BOT_TOKEN, TELEGRAM_CHAT_ID
2026-09-13 19:44:34 INFO    [UNIVERSE] scanning 40 volume-qualified candidates ...
2026-09-13 19:44:36 INFO    [UNIVERSE] top-15 by ATR%: REZ(4.5%), GRIFFAIN(2.5%), PONS(2.1%), FIL(2.0%), CASHCAT(1.9%), MET(1.8%), USELESS(1.8%), VVV(1.5%), ETHFI(1.0%), PUMP(0.9%), XPL(0.9%), CRV(0.8%)
2026-09-13 19:44:58 INFO    [SMOKE] REZ: no valid setup on the latest bar (600 bars)
2026-09-13 19:44:58 INFO    [SMOKE] GRIFFAIN: no valid setup on the latest bar (600 bars)
2026-09-13 19:44:58 INFO    [SMOKE] PONS: no valid setup on the latest bar (600 bars)
2026-09-13 19:44:58 INFO    [SMOKE] FIL: no valid setup on the latest bar (600 bars)
2026-09-13 19:44:58 INFO    [SMOKE] CASHCAT: no valid setup on the latest bar (600 bars)
2026-09-13 19:44:58 INFO    [SMOKE] MET: no valid setup on the latest bar (600 bars)
2026-09-13 19:44:58 INFO    [SMOKE] USELESS: no valid setup on the latest bar (600 bars)
2026-09-13 19:44:58 INFO    [SMOKE] VVV: no valid setup on the latest bar (600 bars)
2026-09-13 19:44:58 INFO    [SMOKE] detector verified -- run without --smoke for the full paper session
2026-09-13 21:50:34 INFO    [SAFETY] .env keys ignored by the bot: ALERT_PROXY, BITUNIX_API_KEY, BITUNIX_API_SECRET, PANEL_NOTIFY_SECRET, TELEGRAM_BOT_TOKEN, TELEGRAM_CHAT_ID
2026-09-13 21:50:34 INFO    [SAFETY] .env keys ignored by the bot: ALERT_PROXY, BITUNIX_API_KEY, BITUNIX_API_SECRET, PANEL_NOTIFY_SECRET, TELEGRAM_BOT_TOKEN, TELEGRAM_CHAT_ID
2026-09-13 21:50:34 INFO    [SAFETY] .env keys ignored by the bot: ALERT_PROXY, BITUNIX_API_KEY, BITUNIX_API_SECRET, PANEL_NOTIFY_SECRET, TELEGRAM_BOT_TOKEN, TELEGRAM_CHAT_ID
2026-09-13 21:50:34 INFO    [SAFETY] .env keys ignored by the bot: ALERT_PROXY, BITUNIX_API_KEY, BITUNIX_API_SECRET, PANEL_NOTIFY_SECRET, TELEGRAM_BOT_TOKEN, TELEGRAM_CHAT_ID
2026-09-13 21:50:34 ERROR   [SAFETY] live refused: paper lock engaged (ICT_PAPER_ONLY=1 or PAPER_ONLY file present)
2026-09-13 21:50:34 ERROR   [SAFETY] live refused: paper lock engaged (ICT_PAPER_ONLY=1 or PAPER_ONLY file present)
2026-09-13 21:50:34 INFO    [SAFETY] .env keys ignored by the bot: ALERT_PROXY, BITUNIX_API_KEY, BITUNIX_API_SECRET, PANEL_NOTIFY_SECRET, TELEGRAM_BOT_TOKEN, TELEGRAM_CHAT_ID
2026-09-13 21:50:34 INFO    [SAFETY] .env keys ignored by the bot: ALERT_PROXY, BITUNIX_API_KEY, BITUNIX_API_SECRET, PANEL_NOTIFY_SECRET, TELEGRAM_BOT_TOKEN, TELEGRAM_CHAT_ID
2026-09-13 21:50:34 INFO    [SAFETY] .env keys ignored by the bot: ALERT_PROXY, BITUNIX_API_KEY, BITUNIX_API_SECRET, PANEL_NOTIFY_SECRET, TELEGRAM_BOT_TOKEN, TELEGRAM_CHAT_ID
2026-09-13 21:50:34 ERROR   [SAFETY] live refused: set ICT_LIVE_ACK=I_UNDERSTAND_REAL_MONEY to confirm real-money trading
2026-09-13 21:50:34 ERROR   [SAFETY] live refused: set ICT_LIVE_ACK=I_UNDERSTAND_REAL_MONEY to confirm real-money trading
2026-09-13 21:50:34 ERROR   [SAFETY] live refused: set ICT_LIVE_ACK=I_UNDERSTAND_REAL_MONEY to confirm real-money trading
2026-09-13 21:50:34 INFO    [SAFETY] .env keys ignored by the bot: ALERT_PROXY, BITUNIX_API_KEY, BITUNIX_API_SECRET, PANEL_NOTIFY_SECRET, TELEGRAM_BOT_TOKEN, TELEGRAM_CHAT_ID
2026-09-13 21:50:34 INFO    [SAFETY] .env keys ignored by the bot: ALERT_PROXY, BITUNIX_API_KEY, BITUNIX_API_SECRET, PANEL_NOTIFY_SECRET, TELEGRAM_BOT_TOKEN, TELEGRAM_CHAT_ID
2026-09-13 21:50:34 INFO    [SAFETY] .env keys ignored by the bot: ALERT_PROXY, BITUNIX_API_KEY, BITUNIX_API_SECRET, PANEL_NOTIFY_SECRET, TELEGRAM_BOT_TOKEN, TELEGRAM_CHAT_ID
2026-09-13 21:50:34 INFO    [SAFETY] .env keys ignored by the bot: ALERT_PROXY, BITUNIX_API_KEY, BITUNIX_API_SECRET, PANEL_NOTIFY_SECRET, TELEGRAM_BOT_TOKEN, TELEGRAM_CHAT_ID
2026-09-13 21:50:34 ERROR   [SAFETY] live refused: --live requires --secret-key
2026-09-13 21:50:34 ERROR   [SAFETY] live refused: --live requires --secret-key
2026-09-13 21:50:34 ERROR   [SAFETY] live refused: --live requires --secret-key
2026-09-13 21:50:34 ERROR   [SAFETY] live refused: --live requires --secret-key
2026-09-13 21:50:45 INFO    [SAFETY] .env keys ignored by the bot: ALERT_PROXY, BITUNIX_API_KEY, BITUNIX_API_SECRET, PANEL_NOTIFY_SECRET, TELEGRAM_BOT_TOKEN, TELEGRAM_CHAT_ID
2026-09-13 21:50:47 INFO    [SAFETY] .env keys ignored by the bot: ALERT_PROXY, BITUNIX_API_KEY, BITUNIX_API_SECRET, PANEL_NOTIFY_SECRET, TELEGRAM_BOT_TOKEN, TELEGRAM_CHAT_ID
2026-09-13 21:50:48 INFO    [UNIVERSE] scanning 40 volume-qualified candidates ...
2026-09-13 21:50:51 INFO    [UNIVERSE] top-13 by ATR%: REZ(6.4%), FIL(2.6%), GRIFFAIN(2.1%), PONS(1.9%), CASHCAT(1.8%), USELESS(1.3%), VVV(1.2%), MET(1.2%), PUMP(1.0%), CRV(0.9%), ETHFI(0.8%), LIT(0.8%)
2026-09-13 21:51:12 INFO    [SMOKE] REZ: no valid setup on the latest bar (600 bars)
2026-09-13 21:51:12 INFO    [SMOKE] FIL: no valid setup on the latest bar (600 bars)
2026-09-13 21:51:12 INFO    [SMOKE] GRIFFAIN: no valid setup on the latest bar (600 bars)
2026-09-13 21:51:12 INFO    [SMOKE] PONS: no valid setup on the latest bar (600 bars)
2026-09-13 21:51:12 INFO    [SMOKE] CASHCAT: no valid setup on the latest bar (600 bars)
2026-09-13 21:51:12 INFO    [SMOKE] USELESS: no valid setup on the latest bar (600 bars)
2026-09-13 21:51:12 INFO    [SMOKE] VVV: no valid setup on the latest bar (600 bars)
2026-09-13 21:51:12 INFO    [SMOKE] MET: no valid setup on the latest bar (600 bars)
2026-09-13 21:51:12 INFO    [SMOKE] detector verified -- run without --smoke for the full paper session
2026-09-13 22:11:37 INFO    [SAFETY] .env keys ignored by the bot: ALERT_PROXY, BITUNIX_API_KEY, BITUNIX_API_SECRET, PANEL_NOTIFY_SECRET, TELEGRAM_BOT_TOKEN, TELEGRAM_CHAT_ID
2026-09-13 22:11:37 INFO    [SAFETY] .env keys ignored by the bot: ALERT_PROXY, BITUNIX_API_KEY, BITUNIX_API_SECRET, PANEL_NOTIFY_SECRET, TELEGRAM_BOT_TOKEN, TELEGRAM_CHAT_ID
2026-09-13 22:11:37 INFO    [SAFETY] .env keys ignored by the bot: ALERT_PROXY, BITUNIX_API_KEY, BITUNIX_API_SECRET, PANEL_NOTIFY_SECRET, TELEGRAM_BOT_TOKEN, TELEGRAM_CHAT_ID
2026-09-13 22:11:37 INFO    [SAFETY] .env keys ignored by the bot: ALERT_PROXY, BITUNIX_API_KEY, BITUNIX_API_SECRET, PANEL_NOTIFY_SECRET, TELEGRAM_BOT_TOKEN, TELEGRAM_CHAT_ID
2026-09-13 22:11:37 ERROR   [SAFETY] live refused: paper lock engaged (ICT_PAPER_ONLY=1 or PAPER_ONLY file present)
2026-09-13 22:11:37 ERROR   [SAFETY] live refused: paper lock engaged (ICT_PAPER_ONLY=1 or PAPER_ONLY file present)
2026-09-13 22:11:37 INFO    [SAFETY] .env keys ignored by the bot: ALERT_PROXY, BITUNIX_API_KEY, BITUNIX_API_SECRET, PANEL_NOTIFY_SECRET, TELEGRAM_BOT_TOKEN, TELEGRAM_CHAT_ID
2026-09-13 22:11:37 INFO    [SAFETY] .env keys ignored by the bot: ALERT_PROXY, BITUNIX_API_KEY, BITUNIX_API_SECRET, PANEL_NOTIFY_SECRET, TELEGRAM_BOT_TOKEN, TELEGRAM_CHAT_ID
2026-09-13 22:11:37 INFO    [SAFETY] .env keys ignored by the bot: ALERT_PROXY, BITUNIX_API_KEY, BITUNIX_API_SECRET, PANEL_NOTIFY_SECRET, TELEGRAM_BOT_TOKEN, TELEGRAM_CHAT_ID
2026-09-13 22:11:37 ERROR   [SAFETY] live refused: set ICT_LIVE_ACK=I_UNDERSTAND_REAL_MONEY to confirm real-money trading
2026-09-13 22:11:37 ERROR   [SAFETY] live refused: set ICT_LIVE_ACK=I_UNDERSTAND_REAL_MONEY to confirm real-money trading
2026-09-13 22:11:37 ERROR   [SAFETY] live refused: set ICT_LIVE_ACK=I_UNDERSTAND_REAL_MONEY to confirm real-money trading
2026-09-13 22:11:37 INFO    [SAFETY] .env keys ignored by the bot: ALERT_PROXY, BITUNIX_API_KEY, BITUNIX_API_SECRET, PANEL_NOTIFY_SECRET, TELEGRAM_BOT_TOKEN, TELEGRAM_CHAT_ID
2026-09-13 22:11:37 INFO    [SAFETY] .env keys ignored by the bot: ALERT_PROXY, BITUNIX_API_KEY, BITUNIX_API_SECRET, PANEL_NOTIFY_SECRET, TELEGRAM_BOT_TOKEN, TELEGRAM_CHAT_ID
2026-09-13 22:11:37 INFO    [SAFETY] .env keys ignored by the bot: ALERT_PROXY, BITUNIX_API_KEY, BITUNIX_API_SECRET, PANEL_NOTIFY_SECRET, TELEGRAM_BOT_TOKEN, TELEGRAM_CHAT_ID
2026-09-13 22:11:37 INFO    [SAFETY] .env keys ignored by the bot: ALERT_PROXY, BITUNIX_API_KEY, BITUNIX_API_SECRET, PANEL_NOTIFY_SECRET, TELEGRAM_BOT_TOKEN, TELEGRAM_CHAT_ID
2026-09-13 22:11:37 ERROR   [SAFETY] live refused: --live requires --secret-key
2026-09-13 22:11:37 ERROR   [SAFETY] live refused: --live requires --secret-key
2026-09-13 22:11:37 ERROR   [SAFETY] live refused: --live requires --secret-key
2026-09-13 22:11:37 ERROR   [SAFETY] live refused: --live requires --secret-key
2026-09-14 09:28:59 INFO    [SAFETY] .env keys ignored by the bot: ALERT_PROXY, BITUNIX_API_KEY, BITUNIX_API_SECRET, PANEL_NOTIFY_SECRET, TELEGRAM_BOT_TOKEN, TELEGRAM_CHAT_ID
2026-09-14 09:28:59 INFO    [SAFETY] .env keys ignored by the bot: ALERT_PROXY, BITUNIX_API_KEY, BITUNIX_API_SECRET, PANEL_NOTIFY_SECRET, TELEGRAM_BOT_TOKEN, TELEGRAM_CHAT_ID
2026-09-14 09:28:59 INFO    [SAFETY] .env keys ignored by the bot: ALERT_PROXY, BITUNIX_API_KEY, BITUNIX_API_SECRET, PANEL_NOTIFY_SECRET, TELEGRAM_BOT_TOKEN, TELEGRAM_CHAT_ID
2026-09-14 09:28:59 INFO    [SAFETY] .env keys ignored by the bot: ALERT_PROXY, BITUNIX_API_KEY, BITUNIX_API_SECRET, PANEL_NOTIFY_SECRET, TELEGRAM_BOT_TOKEN, TELEGRAM_CHAT_ID
2026-09-14 09:28:59 ERROR   [SAFETY] live refused: paper lock engaged (ICT_PAPER_ONLY=1 or PAPER_ONLY file present)
2026-09-14 09:28:59 ERROR   [SAFETY] live refused: paper lock engaged (ICT_PAPER_ONLY=1 or PAPER_ONLY file present)
2026-09-14 09:28:59 INFO    [SAFETY] .env keys ignored by the bot: ALERT_PROXY, BITUNIX_API_KEY, BITUNIX_API_SECRET, PANEL_NOTIFY_SECRET, TELEGRAM_BOT_TOKEN, TELEGRAM_CHAT_ID
2026-09-14 09:28:59 INFO    [SAFETY] .env keys ignored by the bot: ALERT_PROXY, BITUNIX_API_KEY, BITUNIX_API_SECRET, PANEL_NOTIFY_SECRET, TELEGRAM_BOT_TOKEN, TELEGRAM_CHAT_ID
2026-09-14 09:28:59 INFO    [SAFETY] .env keys ignored by the bot: ALERT_PROXY, BITUNIX_API_KEY, BITUNIX_API_SECRET, PANEL_NOTIFY_SECRET, TELEGRAM_BOT_TOKEN, TELEGRAM_CHAT_ID
2026-09-14 09:28:59 ERROR   [SAFETY] live refused: set ICT_LIVE_ACK=I_UNDERSTAND_REAL_MONEY to confirm real-money trading
2026-09-14 09:28:59 ERROR   [SAFETY] live refused: set ICT_LIVE_ACK=I_UNDERSTAND_REAL_MONEY to confirm real-money trading
2026-09-14 09:28:59 ERROR   [SAFETY] live refused: set ICT_LIVE_ACK=I_UNDERSTAND_REAL_MONEY to confirm real-money trading
2026-09-14 09:28:59 INFO    [SAFETY] .env keys ignored by the bot: ALERT_PROXY, BITUNIX_API_KEY, BITUNIX_API_SECRET, PANEL_NOTIFY_SECRET, TELEGRAM_BOT_TOKEN, TELEGRAM_CHAT_ID
2026-09-14 09:28:59 INFO    [SAFETY] .env keys ignored by the bot: ALERT_PROXY, BITUNIX_API_KEY, BITUNIX_API_SECRET, PANEL_NOTIFY_SECRET, TELEGRAM_BOT_TOKEN, TELEGRAM_CHAT_ID
2026-09-14 09:28:59 INFO    [SAFETY] .env keys ignored by the bot: ALERT_PROXY, BITUNIX_API_KEY, BITUNIX_API_SECRET, PANEL_NOTIFY_SECRET, TELEGRAM_BOT_TOKEN, TELEGRAM_CHAT_ID
2026-09-14 09:28:59 INFO    [SAFETY] .env keys ignored by the bot: ALERT_PROXY, BITUNIX_API_KEY, BITUNIX_API_SECRET, PANEL_NOTIFY_SECRET, TELEGRAM_BOT_TOKEN, TELEGRAM_CHAT_ID
2026-09-14 09:28:59 ERROR   [SAFETY] live refused: --live requires --secret-key
2026-09-14 09:28:59 ERROR   [SAFETY] live refused: --live requires --secret-key
2026-09-14 09:28:59 ERROR   [SAFETY] live refused: --live requires --secret-key
2026-09-14 09:28:59 ERROR   [SAFETY] live refused: --live requires --secret-key
2026-09-14 10:16:10 INFO    [SAFETY] .env keys ignored by the bot: ALERT_PROXY, BITUNIX_API_KEY, BITUNIX_API_SECRET, PANEL_NOTIFY_SECRET, TELEGRAM_BOT_TOKEN, TELEGRAM_CHAT_ID
2026-09-14 10:16:10 INFO    [SAFETY] .env keys ignored by the bot: ALERT_PROXY, BITUNIX_API_KEY, BITUNIX_API_SECRET, PANEL_NOTIFY_SECRET, TELEGRAM_BOT_TOKEN, TELEGRAM_CHAT_ID
2026-09-14 10:16:10 INFO    [SAFETY] .env keys ignored by the bot: ALERT_PROXY, BITUNIX_API_KEY, BITUNIX_API_SECRET, PANEL_NOTIFY_SECRET, TELEGRAM_BOT_TOKEN, TELEGRAM_CHAT_ID
2026-09-14 10:16:10 INFO    [SAFETY] .env keys ignored by the bot: ALERT_PROXY, BITUNIX_API_KEY, BITUNIX_API_SECRET, PANEL_NOTIFY_SECRET, TELEGRAM_BOT_TOKEN, TELEGRAM_CHAT_ID
2026-09-14 10:16:10 ERROR   [SAFETY] live refused: paper lock engaged (ICT_PAPER_ONLY=1 or PAPER_ONLY file present)
2026-09-14 10:16:10 ERROR   [SAFETY] live refused: paper lock engaged (ICT_PAPER_ONLY=1 or PAPER_ONLY file present)
2026-09-14 10:16:10 INFO    [SAFETY] .env keys ignored by the bot: ALERT_PROXY, BITUNIX_API_KEY, BITUNIX_API_SECRET, PANEL_NOTIFY_SECRET, TELEGRAM_BOT_TOKEN, TELEGRAM_CHAT_ID
2026-09-14 10:16:10 INFO    [SAFETY] .env keys ignored by the bot: ALERT_PROXY, BITUNIX_API_KEY, BITUNIX_API_SECRET, PANEL_NOTIFY_SECRET, TELEGRAM_BOT_TOKEN, TELEGRAM_CHAT_ID
2026-09-14 10:16:10 INFO    [SAFETY] .env keys ignored by the bot: ALERT_PROXY, BITUNIX_API_KEY, BITUNIX_API_SECRET, PANEL_NOTIFY_SECRET, TELEGRAM_BOT_TOKEN, TELEGRAM_CHAT_ID
2026-09-14 10:16:10 ERROR   [SAFETY] live refused: set ICT_LIVE_ACK=I_UNDERSTAND_REAL_MONEY to confirm real-money trading
2026-09-14 10:16:10 ERROR   [SAFETY] live refused: set ICT_LIVE_ACK=I_UNDERSTAND_REAL_MONEY to confirm real-money trading
2026-09-14 10:16:10 ERROR   [SAFETY] live refused: set ICT_LIVE_ACK=I_UNDERSTAND_REAL_MONEY to confirm real-money trading
2026-09-14 10:16:10 INFO    [SAFETY] .env keys ignored by the bot: ALERT_PROXY, BITUNIX_API_KEY, BITUNIX_API_SECRET, PANEL_NOTIFY_SECRET, TELEGRAM_BOT_TOKEN, TELEGRAM_CHAT_ID
2026-09-14 10:16:10 INFO    [SAFETY] .env keys ignored by the bot: ALERT_PROXY, BITUNIX_API_KEY, BITUNIX_API_SECRET, PANEL_NOTIFY_SECRET, TELEGRAM_BOT_TOKEN, TELEGRAM_CHAT_ID
2026-09-14 10:16:10 INFO    [SAFETY] .env keys ignored by the bot: ALERT_PROXY, BITUNIX_API_KEY, BITUNIX_API_SECRET, PANEL_NOTIFY_SECRET, TELEGRAM_BOT_TOKEN, TELEGRAM_CHAT_ID
2026-09-14 10:16:10 INFO    [SAFETY] .env keys ignored by the bot: ALERT_PROXY, BITUNIX_API_KEY, BITUNIX_API_SECRET, PANEL_NOTIFY_SECRET, TELEGRAM_BOT_TOKEN, TELEGRAM_CHAT_ID
2026-09-14 10:16:10 ERROR   [SAFETY] live refused: --live requires --secret-key
2026-09-14 10:16:10 ERROR   [SAFETY] live refused: --live requires --secret-key
2026-09-14 10:16:10 ERROR   [SAFETY] live refused: --live requires --secret-key
2026-09-14 10:16:10 ERROR   [SAFETY] live refused: --live requires --secret-key
